-- === LITE BUILD MODE: Using system LLVM ===
-- LLVM Config: /home/gabe/.cache/eshkol-r0/llvm21/root/usr/bin/llvm-config-21
-- LLVM Version: 21.1.8
-- LLVM Include Dirs: /home/gabe/.cache/eshkol-r0/llvm21/root/usr/lib/llvm21/include;/home/gabe/.cache/eshkol-r0/llvm21/root/usr/lib/llvm21/include
-- XLA backend: DISABLED (enable with -DESHKOL_XLA_ENABLED=ON)
-- GPU: CUDA not found (install NVIDIA CUDA Toolkit for GPU support)
-- GPU acceleration: DISABLED (no GPU framework found)
-- Standard library will be pre-compiled to: /home/gabe/.cache/eshkol-r0/work3/build/stdlib.o
-- Found readline: /usr/lib/libreadline.so
-- REPL build enabled - target: eshkol-repl
-- eshkol-run linked with REPL JIT for -e/--eval support
-- Building package manager: eshkol-pkg
-- Building LSP server: eshkol-lsp
-- Checking for module 'pcre2-8'
--   Package 'pcre2-8' not found
-- Agent FFI modules: ENABLED
--   Terminal:  YES
--   Crypto:    YES
--   Regex:
--   SQLite:    1
-- Configuring done (0.2s)
-- Generating done (0.0s)
-- Build files have been written to: /home/gabe/.cache/eshkol-r0/work3/build
